// Jest Snapshot v1, https://goo.gl/fbAQLP

exports[`Entity serialization 1`] = `
"{
  \\"actions\\": [
    {
      \\"name\\": \\"add-item\\",
      \\"href\\": \\"http://api.x.io/orders/42/items\\",
      \\"fields\\": [
        {
          \\"name\\": \\"orderNumber\\",
          \\"type\\": \\"hidden\\",
          \\"value\\": \\"42\\"
        },
        {
          \\"name\\": \\"productCode\\",
          \\"type\\": \\"text\\"
        },
        {
          \\"name\\": \\"quantity\\",
          \\"type\\": \\"number\\"
        }
      ],
      \\"method\\": \\"POST\\",
      \\"title\\": \\"Add Item\\",
      \\"type\\": \\"application/x-www-form-urlencoded\\"
    }
  ],
  \\"class\\": [
    \\"order\\"
  ],
  \\"entities\\": [
    {
      \\"rel\\": [
        \\"http://x.io/rels/order-items\\"
      ],
      \\"href\\": \\"http://api.x.io/orders/42/items\\",
      \\"class\\": [
        \\"items\\",
        \\"collection\\"
      ]
    },
    {
      \\"class\\": [
        \\"info\\",
        \\"customer\\"
      ],
      \\"links\\": [
        {
          \\"rel\\": [
            \\"self\\"
          ],
          \\"href\\": \\"http://api.x.io/customers/pj123\\"
        }
      ],
      \\"properties\\": {
        \\"customerId\\": \\"pj123\\",
        \\"name\\": \\"Peter Joseph\\"
      }
    }
  ],
  \\"links\\": [
    {
      \\"rel\\": [
        \\"self\\"
      ],
      \\"href\\": \\"http://api.x.io/orders/42\\"
    },
    {
      \\"rel\\": [
        \\"previous\\"
      ],
      \\"href\\": \\"http://api.x.io/orders/41\\"
    },
    {
      \\"rel\\": [
        \\"next\\"
      ],
      \\"href\\": \\"http://api.x.io/orders/43\\"
    }
  ],
  \\"properties\\": {
    \\"orderNumber\\": 42,
    \\"itemCount\\": 3,
    \\"status\\": \\"pending\\"
  },
  \\"foo\\": \\"bar\\"
}"
`;
