// Jest Snapshot v1, https://goo.gl/fbAQLP

exports[`Field serialization 1`] = `
"{
  \\"min\\": 1,
  \\"step\\": \\"2\\"
}"
`;
