// Jest Snapshot v1, https://goo.gl/fbAQLP

exports[`Field serialization 1`] = `
"{
  \\"name\\": \\"quantity\\",
  \\"class\\": [
    \\"integer\\"
  ],
  \\"title\\": \\"Quantity\\",
  \\"type\\": \\"number\\",
  \\"min\\": 1,
  \\"max\\": 10
}"
`;
