// Jest Snapshot v1, https://goo.gl/fbAQLP

exports[`Link serialization 1`] = `
"{
  \\"rel\\": [
    \\"self\\"
  ],
  \\"href\\": \\"http://example.com\\",
  \\"class\\": [
    \\"home\\"
  ],
  \\"title\\": \\"Home Page\\",
  \\"type\\": \\"text/html\\",
  \\"hreflang\\": \\"en-US\\"
}"
`;
